// Jest Snapshot v1, https://goo.gl/fbAQLP

exports[`Loader should render the Loader component 1`] = `
<div>
  <div
    class="spinner-container svelte-bvd1nw"
  >
    <div
      class="spinner dot-0 svelte-bvd1nw"
    />
    <div
      class="spinner dot-1 svelte-bvd1nw"
    />
    <div
      class="spinner dot-2 svelte-bvd1nw"
    />
  </div>
</div>
`;
