// Jest Snapshot v1, https://goo.gl/fbAQLP

exports[`Loader should render the Loader component 1`] = `
<div>
  <div
    class="no-data-container svelte-1kq81j9"
  >
    <p>
      No data for the selected date range
    </p>
  </div>
</div>
`;
