// Jest Snapshot v1, https://goo.gl/fbAQLP

exports[`CurrencyLabel should render a CurrencyLabel component 1`] = `
<div>
  <div>
    Â£12.00
  </div>
</div>
`;
