// Jest Snapshot v1, https://goo.gl/fbAQLP

exports[`NoResultsRateCard should render the NoResultsRateCard component with normal text hint 1`] = `
<div>
  <article
    class="svelte-14k6rag"
    style="--overview-card-color: #cd69a3;"
  >
    <div
      class="overview-card-top svelte-14k6rag"
    >
      <div
        class="overview-card-heading svelte-14k6rag"
      >
        <div
          class="overview-card-title svelte-14k6rag"
        >
          <div
            class=" svelte-zpbvvv"
            style="--icon-width: 24px; --icon-height: 24px;"
          >
            <object
              src="ic-asset-no-results.svg/"
            />
          </div>
           
          <h2
            class="svelte-14k6rag"
          >
            No results rate
          </h2>
        </div>
         
        <div
          class="overview-card-value svelte-14k6rag"
        >
          12.00%
        </div>
      </div>
       
      <div
        class="overview-card-content svelte-14k6rag"
      >
        <div
          slot="body"
        >
          Percentage of searches for which no results were found
        </div>
      </div>
    </div>
     
    <div
      class="overview-card-footer svelte-14k6rag"
    />
  </article>
</div>
`;
