// Jest Snapshot v1, https://goo.gl/fbAQLP

exports[`TopFiltersNoResultSearchTable should render the TopSearches component with data 1`] = `
<div>
  <div
    class="svelte-1mik51a"
  >
    <div
      class="data-table svelte-2e8um5"
    >
      <div
        class="data-table-slot secondary
    scrollable svelte-2e8um5"
      >
        <div
          class="data-table-head svelte-1nivie3"
        >
          <div
            class="data-table-row svelte-hige1l"
          >
            <div
              class="data-table-cell svelte-1x8v3rk"
              style="
  max-width:100%;
  justify-content:start;
  color:#999;"
            >
              Facets
               
              <div
                aria-expanded="false"
                class="svelte-usl6ua"
                data-testid="info-tip"
              >
                <div
                  class=" svelte-zpbvvv"
                  style="--icon-width: 24px; --icon-height: 24px;"
                >
                  <object
                    src="ic-asset-info.svg/"
                  />
                </div>
              </div>
               
            </div>
            <div
              class="data-table-cell svelte-1x8v3rk"
              style="
  max-width:25%;
  justify-content:flex-end;
  color:#999;"
            >
              Count
               
               
            </div>
            
          </div>
        </div>
         
        <div
          class="data-table-body"
        >
          <div
            class="data-table-row svelte-hige1l"
          >
            <div
              class="filter-values svelte-1mik51a"
            >
              <span
                class="filter-value svelte-1mik51a"
              >
                <span
                  class="filter-value-attribute svelte-1mik51a"
                >
                  brand
                </span>
                 
                <span>
                  :
                </span>
                 
                <span>
                  apple
                </span>
                 
              </span>
              <span
                class="filter-value svelte-1mik51a"
              >
                <span
                  class="filter-value-attribute svelte-1mik51a"
                >
                  price
                </span>
                 
                <span>
                  &gt;
                </span>
                 
                <span>
                  100
                </span>
                 
              </span>
            </div>
             
            <div
              class="data-table-cell svelte-1x8v3rk"
              style="
  max-width:25%;
  justify-content:flex-end;
  color:#333;"
            >
              3
            </div>
             
          </div>
          <div
            class="data-table-row svelte-hige1l"
          >
            <div
              class="filter-values svelte-1mik51a"
            >
              <span
                class="filter-value svelte-1mik51a"
              >
                <span
                  class="filter-value-attribute svelte-1mik51a"
                >
                  brand
                </span>
                 
                <span>
                  :
                </span>
                 
                <span>
                  apple
                </span>
                 
              </span>
            </div>
             
            <div
              class="data-table-cell svelte-1x8v3rk"
              style="
  max-width:25%;
  justify-content:flex-end;
  color:#333;"
            >
              1
            </div>
             
          </div>
          
        </div>
      </div>
    </div>
     
    
  </div>
</div>
`;

exports[`TopFiltersNoResultSearchTable should render the TopSearches component with no data 1`] = `
<div>
  <div
    class="svelte-1mik51a"
  >
    <div
      class="no-data-container svelte-1kq81j9"
    >
      <p>
        No facets for the selected date range
      </p>
    </div>
    
  </div>
</div>
`;
