// Jest Snapshot v1, https://goo.gl/fbAQLP

exports[`App should render the App component 1`] = `
<div>
  <main
    class="svelte-fc0sjg"
  >
    <div
      class="top-bar svelte-fc0sjg"
    >
      <section
        class="top-bar svelte-1y25f5"
      >
        <div
          class="container svelte-1y25f5"
        >
          <section
            class="svelte-17fo8w9"
          >
            <div
              class="select-filter svelte-17fo8w9"
            >
              <span
                class="icon-wrapper svelte-17fo8w9"
              >
                <div
                  class=" svelte-zpbvvv"
                  style="--icon-width: 20px; --icon-height: 20px;"
                >
                  <object
                    src="ic-filter.svg/"
                  />
                </div>
              </span>
               
              <span
                class="svelte-17fo8w9"
              >
                No filters applied
              </span>
            </div>
             
          </section>
        </div>
      </section>
       
      <section
        class="date-range-bar svelte-e877a4"
      >
        <div
          class="container svelte-e877a4"
        >
          <span
            class="svelte-e877a4"
          >
            Date range
          </span>
           
           
          <section
            class=" svelte-ws099h"
          >
            <div
              class="date-range-inputs svelte-ws099h"
              data-testid="date-range-inputs"
            >
              <div
                class="date-selection svelte-ws099h"
              >
                <div
                  class="calendar-icon svelte-zpbvvv"
                  style="--icon-width: 24px; --icon-height: 24px;"
                >
                  <object
                    src="ic-view-calendar.svg/"
                  />
                </div>
                 
                <input
                  class="svelte-ws099h"
                  placeholder="Pick a start date"
                  readonly=""
                />
              </div>
               
              <div
                class="date-selection svelte-ws099h"
              >
                <div
                  class="calendar-icon svelte-zpbvvv"
                  style="--icon-width: 24px; --icon-height: 24px;"
                >
                  <object
                    src="ic-view-calendar.svg/"
                  />
                </div>
                 
                <input
                  class="svelte-ws099h"
                  placeholder="Pick an end date"
                  readonly=""
                />
              </div>
            </div>
             
          </section>
        </div>
      </section>
    </div>
     
    <div
      class="scroll-area svelte-fc0sjg"
    >
      <section
        class="container svelte-fc0sjg"
      >
        <div
          class="spinner-container svelte-wkqaim"
          style="--z-index: 10;"
        >
          <div
            class="spinner dot-0 svelte-wkqaim"
          />
          <div
            class="spinner dot-1 svelte-wkqaim"
          />
          <div
            class="spinner dot-2 svelte-wkqaim"
          />
        </div>
      </section>
    </div>
    <iframe
      aria-hidden="true"
      src="about:blank"
      style="display: block; position: absolute; top: 0; left: 0; width: 100%; height: 100%; overflow: hidden; border: 0; opacity: 0; pointer-events: none; z-index: -1;"
      tabindex="-1"
    />
  </main>
</div>
`;
